------------------------------------------------------------
Timing Analyzer Summary
------------------------------------------------------------

Type  : Slow 1100mV 85C Model Setup 'KEY[0]'
Slack : -12.692
TNS   : -27888.524

Type  : Slow 1100mV 85C Model Hold 'KEY[0]'
Slack : 0.990
TNS   : 0.000

Type  : Slow 1100mV 85C Model Minimum Pulse Width 'KEY[0]'
Slack : -0.583
TNS   : -2986.025

Type  : Slow 1100mV 0C Model Setup 'KEY[0]'
Slack : -12.541
TNS   : -27089.342

Type  : Slow 1100mV 0C Model Hold 'KEY[0]'
Slack : 0.931
TNS   : 0.000

Type  : Slow 1100mV 0C Model Minimum Pulse Width 'KEY[0]'
Slack : -0.538
TNS   : -2769.308

Type  : Fast 1100mV 85C Model Setup 'KEY[0]'
Slack : -6.529
TNS   : -13588.800

Type  : Fast 1100mV 85C Model Hold 'KEY[0]'
Slack : 0.488
TNS   : 0.000

Type  : Fast 1100mV 85C Model Minimum Pulse Width 'KEY[0]'
Slack : -0.626
TNS   : -2417.472

Type  : Fast 1100mV 0C Model Setup 'KEY[0]'
Slack : -5.696
TNS   : -11828.950

Type  : Fast 1100mV 0C Model Hold 'KEY[0]'
Slack : 0.438
TNS   : 0.000

Type  : Fast 1100mV 0C Model Minimum Pulse Width 'KEY[0]'
Slack : -0.636
TNS   : -2501.842

------------------------------------------------------------
