------------------------------------------------------------
Timing Analyzer Summary
------------------------------------------------------------

Type  : Slow 1100mV 85C Model Setup 'KEY[0]'
Slack : -11.373
TNS   : -19447.675

Type  : Slow 1100mV 85C Model Setup 'CLOCK_50'
Slack : -2.862
TNS   : -2.862

Type  : Slow 1100mV 85C Model Hold 'CLOCK_50'
Slack : 0.749
TNS   : 0.000

Type  : Slow 1100mV 85C Model Hold 'KEY[0]'
Slack : 0.912
TNS   : 0.000

Type  : Slow 1100mV 85C Model Minimum Pulse Width 'CLOCK_50'
Slack : -0.718
TNS   : -1.256

Type  : Slow 1100mV 85C Model Minimum Pulse Width 'KEY[0]'
Slack : -0.538
TNS   : -1899.107

Type  : Slow 1100mV 0C Model Setup 'KEY[0]'
Slack : -11.308
TNS   : -18925.541

Type  : Slow 1100mV 0C Model Setup 'CLOCK_50'
Slack : -2.841
TNS   : -2.841

Type  : Slow 1100mV 0C Model Hold 'CLOCK_50'
Slack : 0.601
TNS   : 0.000

Type  : Slow 1100mV 0C Model Hold 'KEY[0]'
Slack : 0.886
TNS   : 0.000

Type  : Slow 1100mV 0C Model Minimum Pulse Width 'CLOCK_50'
Slack : -0.716
TNS   : -1.275

Type  : Slow 1100mV 0C Model Minimum Pulse Width 'KEY[0]'
Slack : -0.540
TNS   : -1994.200

Type  : Fast 1100mV 85C Model Setup 'KEY[0]'
Slack : -5.529
TNS   : -9219.108

Type  : Fast 1100mV 85C Model Setup 'CLOCK_50'
Slack : -2.187
TNS   : -2.187

Type  : Fast 1100mV 85C Model Hold 'CLOCK_50'
Slack : 0.224
TNS   : 0.000

Type  : Fast 1100mV 85C Model Hold 'KEY[0]'
Slack : 0.333
TNS   : 0.000

Type  : Fast 1100mV 85C Model Minimum Pulse Width 'CLOCK_50'
Slack : -0.767
TNS   : -1.351

Type  : Fast 1100mV 85C Model Minimum Pulse Width 'KEY[0]'
Slack : -0.650
TNS   : -1573.854

Type  : Fast 1100mV 0C Model Setup 'KEY[0]'
Slack : -4.947
TNS   : -8126.525

Type  : Fast 1100mV 0C Model Setup 'CLOCK_50'
Slack : -2.058
TNS   : -2.058

Type  : Fast 1100mV 0C Model Hold 'CLOCK_50'
Slack : 0.100
TNS   : 0.000

Type  : Fast 1100mV 0C Model Hold 'KEY[0]'
Slack : 0.329
TNS   : 0.000

Type  : Fast 1100mV 0C Model Minimum Pulse Width 'CLOCK_50'
Slack : -0.764
TNS   : -1.403

Type  : Fast 1100mV 0C Model Minimum Pulse Width 'KEY[0]'
Slack : -0.699
TNS   : -1867.835

------------------------------------------------------------
