------------------------------------------------------------
Timing Analyzer Summary
------------------------------------------------------------

Type  : Slow 1100mV 85C Model Setup 'CLOCK_50'
Slack : -1.047
TNS   : -4.640

Type  : Slow 1100mV 85C Model Hold 'CLOCK_50'
Slack : 0.436
TNS   : 0.000

Type  : Slow 1100mV 85C Model Minimum Pulse Width 'CLOCK_50'
Slack : -0.538
TNS   : -5.387

Type  : Slow 1100mV 0C Model Setup 'CLOCK_50'
Slack : -1.185
TNS   : -5.336

Type  : Slow 1100mV 0C Model Hold 'CLOCK_50'
Slack : 0.438
TNS   : 0.000

Type  : Slow 1100mV 0C Model Minimum Pulse Width 'CLOCK_50'
Slack : -0.538
TNS   : -5.552

Type  : Fast 1100mV 85C Model Setup 'CLOCK_50'
Slack : 0.100
TNS   : 0.000

Type  : Fast 1100mV 85C Model Hold 'CLOCK_50'
Slack : 0.192
TNS   : 0.000

Type  : Fast 1100mV 85C Model Minimum Pulse Width 'CLOCK_50'
Slack : -0.086
TNS   : -0.596

Type  : Fast 1100mV 0C Model Setup 'CLOCK_50'
Slack : 0.127
TNS   : 0.000

Type  : Fast 1100mV 0C Model Hold 'CLOCK_50'
Slack : 0.184
TNS   : 0.000

Type  : Fast 1100mV 0C Model Minimum Pulse Width 'CLOCK_50'
Slack : -0.090
TNS   : -0.622

------------------------------------------------------------
